/tmp/probe2_ClaimStatusRoutingV82.lean:605:5: warning: unused variable `k`
note: this linter can be disabled with `set_option linter.unusedVariables false`
'ClaimStatusRoutingV82.initial_certificate_well_formed' does not depend on any axioms
'ClaimStatusRoutingV82.ordinary_routing_preserves_parent' does not depend on any axioms
'ClaimStatusRoutingV82.validated_defeat_preserves_parent' does not depend on any axioms
'ClaimStatusRoutingV82.ordinary_routing_preserves_defeat_witness' does not depend on any axioms
'ClaimStatusRoutingV82.representation_only_preserves_projection' depends on axioms: [propext]
'ClaimStatusRoutingV82.representation_only_preserves_empirical_anchor' depends on axioms: [propext]
'ClaimStatusRoutingV82.ordinary_routing_does_not_create_external_authorization' depends on axioms: [propext]
'ClaimStatusRoutingV82.representation_only_does_not_create_external_authorization' depends on axioms: [propext]
'ClaimStatusRoutingV82.ordinary_routing_from_initial_not_defeated' depends on axioms: [propext]
'ClaimStatusRoutingV82.local_chart_does_not_create_defeat' depends on axioms: [propext]
'ClaimStatusRoutingV82.discovery_propagation_blocks_decision_use' does not depend on any axioms
'ClaimStatusRoutingV82.discovery_propagation_not_external_authorization' does not depend on any axioms
'ClaimStatusRoutingV82.validated_defeat_is_well_formed' depends on axioms: [propext]
'ClaimStatusRoutingV82.validated_defeat_blocks_decision_use' does not depend on any axioms
'ClaimStatusRoutingV82.ordinary_router_has_no_defeat_constructor' depends on axioms: [propext]
'ClaimStatusRoutingV82.ordinary_routing_preserves_well_formed' depends on axioms: [propext]
'ClaimStatusRoutingV82.v82_refines_v81_nondefeat_routes' depends on axioms: [propext]
'ClaimStatusRoutingV82.v82_refines_v81_validated_projection_defeat' does not depend on any axioms
'ClaimStatusRoutingV82.channel_kind_alone_does_not_establish_fixed_point' does not depend on any axioms
'ClaimStatusRoutingV82.supplied_fixed_point_evidence_opens_formal_gate' does not depend on any axioms
'ClaimStatusRoutingV82.unsafe_carrier_mutation_violates_parent_projection' does not depend on any axioms
'ClaimStatusRoutingV82.unsafe_discovery_mutation_creates_external_authorization' does not depend on any axioms
'ClaimStatusRoutingV82.empirical_risk_truth_is_declared_out_of_scope' does not depend on any axioms
